[32m[I 2024-10-03 15:33:45,276][0m A new study created in memory with name: aav9_optim[0m
[[36m2024-10-03 15:33:45,279[0m][[35mHYDRA[0m] Study name: aav9_optim[0m
[[36m2024-10-03 15:33:45,280[0m][[35mHYDRA[0m] Storage: None[0m
[[36m2024-10-03 15:33:45,280[0m][[35mHYDRA[0m] Sampler: TPESampler[0m
[[36m2024-10-03 15:33:45,280[0m][[35mHYDRA[0m] Directions: ['minimize'][0m
[[36m2024-10-03 15:33:45,305[0m][[35mHYDRA[0m] Launching 1 jobs locally[0m
[[36m2024-10-03 15:33:45,305[0m][[35mHYDRA[0m] 	#0 : model.optimizer.lr=0.00027236750534100307 data.batch_size=512 model.net.dropout=0.022442175420796635 hparams_search=aav9_optuna[0m
[[36m2024-10-03 15:33:45,788[0m][[34msrc.utils.utils[0m][[32mINFO[0m] - [rank: 0] Enforcing tags! <cfg.extras.enforce_tags=True>[0m
[[36m2024-10-03 15:33:45,805[0m][[34msrc.utils.utils[0m][[32mINFO[0m] - [rank: 0] Printing config tree with Rich! <cfg.extras.print_config=True>[0m
CONFIG
‚îú‚îÄ‚îÄ data
‚îÇ   ‚îî‚îÄ‚îÄ _target_: src.data.aav_datamodule.AAVSeqDatasetModule                   
‚îÇ       data_dir: /cluster/project/platt/rick/generative_bioseq_design/data//aav
‚îÇ       dataset_name: dataset.tsv                                               
‚îÇ       batch_size: 512                                                         
‚îÇ       train_val_test_split:                                                   
‚îÇ       - 0.7                                                                   
‚îÇ       - 0.15                                                                  
‚îÇ       - 0.15                                                                  
‚îÇ       num_workers: 20                                                         
‚îÇ       pin_memory: true                                                        
‚îÇ                                                                               
‚îú‚îÄ‚îÄ model
‚îÇ   ‚îî‚îÄ‚îÄ _target_: src.models.aav_module.AAVLitModule                            
‚îÇ       optimizer:                                                              
‚îÇ         _target_: torch.optim.AdamW                                           
‚îÇ         _partial_: true                                                       
‚îÇ         lr: 0.00027236750534100307                                            
‚îÇ         weight_decay: 0.01                                                    
‚îÇ       scheduler: null                                                         
‚îÇ       net:                                                                    
‚îÇ         _target_: src.models.components.sequence_attention_encoder.SequenceAtt
‚îÇ         d_model: 120                                                          
‚îÇ         n_head: 1                                                             
‚îÇ         n_layer: 1                                                            
‚îÇ         dim_feedforward: 2048                                                 
‚îÇ         dropout: 0.022442175420796635                                         
‚îÇ         bias: false                                                           
‚îÇ         layer_norm_eps: 1.0e-05                                               
‚îÇ       compile: false                                                          
‚îÇ                                                                               
‚îú‚îÄ‚îÄ callbacks
‚îÇ   ‚îî‚îÄ‚îÄ model_checkpoint:                                                       
‚îÇ         _target_: lightning.pytorch.callbacks.ModelCheckpoint                 
‚îÇ         dirpath: /cluster/project/platt/rick/generative_bioseq_design/logs/tra
‚îÇ         filename: epoch_{epoch:03d}_val.loss_{val/loss:.4f}                   
‚îÇ         monitor: val/loss                                                     
‚îÇ         verbose: false                                                        
‚îÇ         save_last: false                                                      
‚îÇ         save_top_k: 1                                                         
‚îÇ         mode: min                                                             
‚îÇ         auto_insert_metric_name: False# when True, the checkpoints filenames w
‚îÇ           the metric name                                                     
‚îÇ         save_weights_only: false                                              
‚îÇ         every_n_train_steps: null                                             
‚îÇ         train_time_interval: null                                             
‚îÇ         every_n_epochs: null                                                  
‚îÇ         save_on_train_epoch_end: null                                         
‚îÇ       early_stopping:                                                         
‚îÇ         _target_: lightning.pytorch.callbacks.EarlyStopping                   
‚îÇ         monitor: val/loss                                                     
‚îÇ         min_delta: 0.0                                                        
‚îÇ         patience: 3                                                           
‚îÇ         verbose: false                                                        
‚îÇ         mode: min                                                             
‚îÇ         strict: true                                                          
‚îÇ         check_finite: true                                                    
‚îÇ         stopping_threshold: null                                              
‚îÇ         divergence_threshold: null                                            
‚îÇ         check_on_train_epoch_end: null                                        
‚îÇ       model_summary:                                                          
‚îÇ         _target_: lightning.pytorch.callbacks.RichModelSummary                
‚îÇ         max_depth: -1                                                         
‚îÇ       rich_progress_bar:                                                      
‚îÇ         _target_: lightning.pytorch.callbacks.RichProgressBar                 
‚îÇ                                                                               
‚îú‚îÄ‚îÄ logger
‚îÇ   ‚îî‚îÄ‚îÄ csv:                                                                    
‚îÇ         _target_: lightning.pytorch.loggers.csv_logs.CSVLogger                
‚îÇ         save_dir: /cluster/project/platt/rick/generative_bioseq_design/logs/tr
‚îÇ         name: csv/                                                            
‚îÇ         prefix: ''                                                            
‚îÇ       wandb:                                                                  
‚îÇ         _target_: lightning.pytorch.loggers.wandb.WandbLogger                 
‚îÇ         save_dir: /cluster/project/platt/rick/generative_bioseq_design/logs/tr
‚îÇ         offline: true                                                         
‚îÇ         id: null                                                              
‚îÇ         anonymous: null                                                       
‚îÇ         project: aav9_encoder3                                                
‚îÇ         log_model: false                                                      
‚îÇ         prefix: ''                                                            
‚îÇ         group: aav9                                                           
‚îÇ         tags:                                                                 
‚îÇ         - aav                                                                 
‚îÇ         - sequence_attention_encoder                                          
‚îÇ         job_type: ''                                                          
‚îÇ                                                                               
‚îú‚îÄ‚îÄ trainer
‚îÇ   ‚îî‚îÄ‚îÄ _target_: lightning.pytorch.trainer.Trainer                             
‚îÇ       default_root_dir: /cluster/project/platt/rick/generative_bioseq_design/l
‚îÇ       min_epochs: 1                                                           
‚îÇ       max_epochs: 7                                                           
‚îÇ       accelerator: gpu                                                        
‚îÇ       devices: 1                                                              
‚îÇ       check_val_every_n_epoch: 1                                              
‚îÇ       deterministic: false                                                    
‚îÇ       gradient_clip_val: 0.5                                                  
‚îÇ                                                                               
‚îú‚îÄ‚îÄ paths
‚îÇ   ‚îî‚îÄ‚îÄ root_dir: /cluster/project/platt/rick/generative_bioseq_design          
‚îÇ       data_dir: /cluster/project/platt/rick/generative_bioseq_design/data/    
‚îÇ       log_dir: /cluster/project/platt/rick/generative_bioseq_design/logs/     
‚îÇ       output_dir: /cluster/project/platt/rick/generative_bioseq_design/logs/tr
‚îÇ       work_dir: /cluster/project/platt/rick/generative_bioseq_design          
‚îÇ                                                                               
‚îú‚îÄ‚îÄ extras
‚îÇ   ‚îî‚îÄ‚îÄ ignore_warnings: false                                                  
‚îÇ       enforce_tags: true                                                      
‚îÇ       print_config: true                                                      
‚îÇ                                                                               
‚îú‚îÄ‚îÄ task_name
‚îÇ   ‚îî‚îÄ‚îÄ train                                                                   
‚îú‚îÄ‚îÄ tags
‚îÇ   ‚îî‚îÄ‚îÄ ['aav', 'sequence_attention_encoder']                                   
‚îú‚îÄ‚îÄ train
‚îÇ   ‚îî‚îÄ‚îÄ True                                                                    
‚îú‚îÄ‚îÄ test
‚îÇ   ‚îî‚îÄ‚îÄ True                                                                    
‚îú‚îÄ‚îÄ ckpt_path
‚îÇ   ‚îî‚îÄ‚îÄ None                                                                    
‚îú‚îÄ‚îÄ seed
‚îÇ   ‚îî‚îÄ‚îÄ 12345                                                                   
‚îî‚îÄ‚îÄ optimized_metric
    ‚îî‚îÄ‚îÄ val/loss_best                                                           
[rank: 0] Seed set to 12345
[[36m2024-10-03 15:33:46,061[0m][[34m__main__[0m][[32mINFO[0m] - [rank: 0] Instantiating datamodule <src.data.aav_datamodule.AAVSeqDatasetModule>[0m
[[36m2024-10-03 15:33:46,108[0m][[34m__main__[0m][[32mINFO[0m] - [rank: 0] Instantiating model <src.models.aav_module.AAVLitModule>[0m
/cluster/software/stacks/2024-06/spack/opt/spack/linux-ubuntu22.04-x86_64_v3/gcc-12.2.0/python-3.11.6-ukhwpjnwzzzizek3pgr75zkbhxros5fq/lib/python3.11/site-packages/lightning/pytorch/utilities/parsing.py:208: Attribute 'net' is an instance of `nn.Module` and is already saved during checkpointing. It is recommended to ignore them using `self.save_hyperparameters(ignore=['net'])`.
[[36m2024-10-03 15:33:46,253[0m][[34m__main__[0m][[32mINFO[0m] - [rank: 0] Instantiating callbacks...[0m
[[36m2024-10-03 15:33:46,253[0m][[34msrc.utils.instantiators[0m][[32mINFO[0m] - [rank: 0] Instantiating callback <lightning.pytorch.callbacks.ModelCheckpoint>[0m
[[36m2024-10-03 15:33:46,264[0m][[34msrc.utils.instantiators[0m][[32mINFO[0m] - [rank: 0] Instantiating callback <lightning.pytorch.callbacks.EarlyStopping>[0m
[[36m2024-10-03 15:33:46,266[0m][[34msrc.utils.instantiators[0m][[32mINFO[0m] - [rank: 0] Instantiating callback <lightning.pytorch.callbacks.RichModelSummary>[0m
[[36m2024-10-03 15:33:46,267[0m][[34msrc.utils.instantiators[0m][[32mINFO[0m] - [rank: 0] Instantiating callback <lightning.pytorch.callbacks.RichProgressBar>[0m
[[36m2024-10-03 15:33:46,273[0m][[34m__main__[0m][[32mINFO[0m] - [rank: 0] Instantiating loggers...[0m
[[36m2024-10-03 15:33:46,274[0m][[34msrc.utils.instantiators[0m][[32mINFO[0m] - [rank: 0] Instantiating logger <lightning.pytorch.loggers.csv_logs.CSVLogger>[0m
[[36m2024-10-03 15:33:46,276[0m][[34msrc.utils.instantiators[0m][[32mINFO[0m] - [rank: 0] Instantiating logger <lightning.pytorch.loggers.wandb.WandbLogger>[0m
[[36m2024-10-03 15:33:46,816[0m][[34m__main__[0m][[32mINFO[0m] - [rank: 0] Instantiating trainer <lightning.pytorch.trainer.Trainer>[0m
Trainer already configured with model summary callbacks: [<class 'lightning.pytorch.callbacks.rich_model_summary.RichModelSummary'>]. Skipping setting a default `ModelSummary` callback.
GPU available: True (cuda), used: True
TPU available: False, using: 0 TPU cores
HPU available: False, using: 0 HPUs
[[36m2024-10-03 15:33:49,483[0m][[34m__main__[0m][[32mINFO[0m] - [rank: 0] Logging hyperparameters![0m
wandb: Using wandb-core as the SDK backend. Please refer to https://wandb.me/wandb-core for more information.
wandb: WARNING `resume` will be ignored since W&B syncing is set to `offline`. Starting a new run with run id keat4flf.
wandb: Tracking run with wandb version 0.18.3
wandb: W&B syncing is set to `offline` in this directory.  
wandb: Run `wandb online` or set WANDB_MODE=online to enable cloud syncing.
[[36m2024-10-03 15:34:05,101[0m][[34m__main__[0m][[32mINFO[0m] - [rank: 0] Starting training![0m
LOCAL_RANK: 0 - CUDA_VISIBLE_DEVICES: [0,1]
‚îè‚îÅ‚îÅ‚îÅ‚îÅ‚î≥‚îÅ‚îÅ‚îÅ‚îÅ‚îÅ‚îÅ‚îÅ‚îÅ‚îÅ‚îÅ‚îÅ‚îÅ‚îÅ‚îÅ‚îÅ‚îÅ‚îÅ‚îÅ‚îÅ‚îÅ‚îÅ‚îÅ‚îÅ‚îÅ‚îÅ‚îÅ‚îÅ‚îÅ‚îÅ‚îÅ‚îÅ‚îÅ‚îÅ‚îÅ‚î≥‚îÅ‚îÅ‚îÅ‚îÅ‚îÅ‚îÅ‚îÅ‚îÅ‚îÅ‚îÅ‚îÅ‚îÅ‚îÅ‚îÅ‚îÅ‚îÅ‚îÅ‚îÅ‚îÅ‚îÅ‚îÅ‚î≥‚îÅ‚îÅ‚îÅ‚îÅ‚îÅ‚îÅ‚îÅ‚îÅ‚î≥‚îÅ‚îÅ‚îÅ‚îÅ‚îÅ‚îÅ‚îÅ‚îì
‚îÉ    ‚îÉ Name                             ‚îÉ Type                ‚îÉ Params ‚îÉ Mode  ‚îÉ
‚î°‚îÅ‚îÅ‚îÅ‚îÅ‚ïá‚îÅ‚îÅ‚îÅ‚îÅ‚îÅ‚îÅ‚îÅ‚îÅ‚îÅ‚îÅ‚îÅ‚îÅ‚îÅ‚îÅ‚îÅ‚îÅ‚îÅ‚îÅ‚îÅ‚îÅ‚îÅ‚îÅ‚îÅ‚îÅ‚îÅ‚îÅ‚îÅ‚îÅ‚îÅ‚îÅ‚îÅ‚îÅ‚îÅ‚îÅ‚ïá‚îÅ‚îÅ‚îÅ‚îÅ‚îÅ‚îÅ‚îÅ‚îÅ‚îÅ‚îÅ‚îÅ‚îÅ‚îÅ‚îÅ‚îÅ‚îÅ‚îÅ‚îÅ‚îÅ‚îÅ‚îÅ‚ïá‚îÅ‚îÅ‚îÅ‚îÅ‚îÅ‚îÅ‚îÅ‚îÅ‚ïá‚îÅ‚îÅ‚îÅ‚îÅ‚îÅ‚îÅ‚îÅ‚î©
‚îÇ 0  ‚îÇ net                              ‚îÇ SequenceAttentionE‚Ä¶ ‚îÇ  549 K ‚îÇ train ‚îÇ
‚îÇ 1  ‚îÇ net.encoder                      ‚îÇ ModuleList          ‚îÇ  549 K ‚îÇ train ‚îÇ
‚îÇ 2  ‚îÇ net.encoder.0                    ‚îÇ TransformerEncoder‚Ä¶ ‚îÇ  549 K ‚îÇ train ‚îÇ
‚îÇ 3  ‚îÇ net.encoder.0.self_attn          ‚îÇ MultiheadAttention  ‚îÇ 57.6 K ‚îÇ train ‚îÇ
‚îÇ 4  ‚îÇ net.encoder.0.self_attn.out_proj ‚îÇ NonDynamicallyQuan‚Ä¶ ‚îÇ 14.4 K ‚îÇ train ‚îÇ
‚îÇ 5  ‚îÇ net.encoder.0.linear1            ‚îÇ Linear              ‚îÇ  245 K ‚îÇ train ‚îÇ
‚îÇ 6  ‚îÇ net.encoder.0.dropout            ‚îÇ Dropout             ‚îÇ      0 ‚îÇ train ‚îÇ
‚îÇ 7  ‚îÇ net.encoder.0.linear2            ‚îÇ Linear              ‚îÇ  245 K ‚îÇ train ‚îÇ
‚îÇ 8  ‚îÇ net.encoder.0.norm1              ‚îÇ RMSNorm             ‚îÇ    120 ‚îÇ train ‚îÇ
‚îÇ 9  ‚îÇ net.encoder.0.norm2              ‚îÇ RMSNorm             ‚îÇ    120 ‚îÇ train ‚îÇ
‚îÇ 10 ‚îÇ net.encoder.0.dropout1           ‚îÇ Dropout             ‚îÇ      0 ‚îÇ train ‚îÇ
‚îÇ 11 ‚îÇ net.encoder.0.dropout2           ‚îÇ Dropout             ‚îÇ      0 ‚îÇ train ‚îÇ
‚îÇ 12 ‚îÇ net.fc                           ‚îÇ Linear              ‚îÇ    120 ‚îÇ train ‚îÇ
‚îÇ 13 ‚îÇ criterion                        ‚îÇ BCEWithLogitsLoss   ‚îÇ      0 ‚îÇ train ‚îÇ
‚îÇ 14 ‚îÇ train_acc                        ‚îÇ BinaryAccuracy      ‚îÇ      0 ‚îÇ train ‚îÇ
‚îÇ 15 ‚îÇ val_acc                          ‚îÇ BinaryAccuracy      ‚îÇ      0 ‚îÇ train ‚îÇ
‚îÇ 16 ‚îÇ test_acc                         ‚îÇ BinaryAccuracy      ‚îÇ      0 ‚îÇ train ‚îÇ
‚îÇ 17 ‚îÇ train_loss                       ‚îÇ MeanMetric          ‚îÇ      0 ‚îÇ train ‚îÇ
‚îÇ 18 ‚îÇ val_loss                         ‚îÇ MeanMetric          ‚îÇ      0 ‚îÇ train ‚îÇ
‚îÇ 19 ‚îÇ test_loss                        ‚îÇ MeanMetric          ‚îÇ      0 ‚îÇ train ‚îÇ
‚îÇ 20 ‚îÇ val_loss_best                    ‚îÇ MinMetric           ‚îÇ      0 ‚îÇ train ‚îÇ
‚îî‚îÄ‚îÄ‚îÄ‚îÄ‚î¥‚îÄ‚îÄ‚îÄ‚îÄ‚îÄ‚îÄ‚îÄ‚îÄ‚îÄ‚îÄ‚îÄ‚îÄ‚îÄ‚îÄ‚îÄ‚îÄ‚îÄ‚îÄ‚îÄ‚îÄ‚îÄ‚îÄ‚îÄ‚îÄ‚îÄ‚îÄ‚îÄ‚îÄ‚îÄ‚îÄ‚îÄ‚îÄ‚îÄ‚îÄ‚î¥‚îÄ‚îÄ‚îÄ‚îÄ‚îÄ‚îÄ‚îÄ‚îÄ‚îÄ‚îÄ‚îÄ‚îÄ‚îÄ‚îÄ‚îÄ‚îÄ‚îÄ‚îÄ‚îÄ‚îÄ‚îÄ‚î¥‚îÄ‚îÄ‚îÄ‚îÄ‚îÄ‚îÄ‚îÄ‚îÄ‚î¥‚îÄ‚îÄ‚îÄ‚îÄ‚îÄ‚îÄ‚îÄ‚îò
Trainable params: 549 K                                                         
Non-trainable params: 0                                                         
Total params: 549 K                                                             
Total estimated model params size (MB): 2                                       
SLURM auto-requeueing enabled. Setting signal handlers.
/cluster/software/stacks/2024-06/spack/opt/spack/linux-ubuntu22.04-x86_64_v3/gcc-12.2.0/python-3.11.6-ukhwpjnwzzzizek3pgr75zkbhxros5fq/lib/python3.11/site-packages/torch/utils/data/dataloader.py:558: UserWarning: This DataLoader will create 20 worker processes in total. Our suggested max number of worker in current system is 1, which is smaller than what this DataLoader is going to create. Please be aware that excessive worker creation might get DataLoader running slow or even freeze, lower the worker number to avoid potential slowness/freeze if necessary.
  warnings.warn(_create_warning_msg(
terminate called after throwing an instance of 'c10::Error'
  what():  CUDA error: initialization error
CUDA kernel errors might be asynchronously reported at some other API call, so the stacktrace below might be incorrect.
For debugging consider passing CUDA_LAUNCH_BLOCKING=1.
Compile with `TORCH_USE_CUDA_DSA` to enable device-side assertions.

Exception raised from c10_cuda_check_implementation at ../c10/cuda/CUDAException.cpp:43 (most recent call first):
frame #0: c10::Error::Error(c10::SourceLocation, std::string) + 0x57 (0x1544e509e897 in /cluster/software/stacks/2024-06/spack/opt/spack/linux-ubuntu22.04-x86_64_v3/gcc-12.2.0/python-3.11.6-ukhwpjnwzzzizek3pgr75zkbhxros5fq/lib/python3.11/site-packages/torch/lib/libc10.so)
frame #1: c10::detail::torchCheckFail(char const*, char const*, unsigned int, std::string const&) + 0x64 (0x1544e504eb25 in /cluster/software/stacks/2024-06/spack/opt/spack/linux-ubuntu22.04-x86_64_v3/gcc-12.2.0/python-3.11.6-ukhwpjnwzzzizek3pgr75zkbhxros5fq/lib/python3.11/site-packages/torch/lib/libc10.so)
frame #2: c10::cuda::c10_cuda_check_implementation(int, char const*, char const*, int, bool) + 0x118 (0x1544e5176718 in /cluster/software/stacks/2024-06/spack/opt/spack/linux-ubuntu22.04-x86_64_v3/gcc-12.2.0/python-3.11.6-ukhwpjnwzzzizek3pgr75zkbhxros5fq/lib/python3.11/site-packages/torch/lib/libc10_cuda.so)
frame #3: c10::cuda::ExchangeDevice(signed char) + 0x92 (0x1544e51769f2 in /cluster/software/stacks/2024-06/spack/opt/spack/linux-ubuntu22.04-x86_64_v3/gcc-12.2.0/python-3.11.6-ukhwpjnwzzzizek3pgr75zkbhxros5fq/lib/python3.11/site-packages/torch/lib/libc10_cuda.so)
frame #4: <unknown function> + 0x104588a (0x154498cdc88a in /cluster/software/stacks/2024-06/spack/opt/spack/linux-ubuntu22.04-x86_64_v3/gcc-12.2.0/python-3.11.6-ukhwpjnwzzzizek3pgr75zkbhxros5fq/lib/python3.11/site-packages/torch/lib/libtorch_cuda.so)
frame #5: <unknown function> + 0x5a7380 (0x1544e3a6a380 in /cluster/software/stacks/2024-06/spack/opt/spack/linux-ubuntu22.04-x86_64_v3/gcc-12.2.0/python-3.11.6-ukhwpjnwzzzizek3pgr75zkbhxros5fq/lib/python3.11/site-packages/torch/lib/libtorch_python.so)
frame #6: <unknown function> + 0x6a36f (0x1544e508336f in /cluster/software/stacks/2024-06/spack/opt/spack/linux-ubuntu22.04-x86_64_v3/gcc-12.2.0/python-3.11.6-ukhwpjnwzzzizek3pgr75zkbhxros5fq/lib/python3.11/site-packages/torch/lib/libc10.so)
frame #7: c10::TensorImpl::~TensorImpl() + 0x21b (0x1544e507c1cb in /cluster/software/stacks/2024-06/spack/opt/spack/linux-ubuntu22.04-x86_64_v3/gcc-12.2.0/python-3.11.6-ukhwpjnwzzzizek3pgr75zkbhxros5fq/lib/python3.11/site-packages/torch/lib/libc10.so)
frame #8: c10::TensorImpl::~TensorImpl() + 0x9 (0x1544e507c379 in /cluster/software/stacks/2024-06/spack/opt/spack/linux-ubuntu22.04-x86_64_v3/gcc-12.2.0/python-3.11.6-ukhwpjnwzzzizek3pgr75zkbhxros5fq/lib/python3.11/site-packages/torch/lib/libc10.so)
frame #9: <unknown function> + 0x858328 (0x1544e3d1b328 in /cluster/software/stacks/2024-06/spack/opt/spack/linux-ubuntu22.04-x86_64_v3/gcc-12.2.0/python-3.11.6-ukhwpjnwzzzizek3pgr75zkbhxros5fq/lib/python3.11/site-packages/torch/lib/libtorch_python.so)
frame #10: THPVariable_subclass_dealloc(_object*) + 0x2f6 (0x1544e3d1b6a6 in /cluster/software/stacks/2024-06/spack/opt/spack/linux-ubuntu22.04-x86_64_v3/gcc-12.2.0/python-3.11.6-ukhwpjnwzzzizek3pgr75zkbhxros5fq/lib/python3.11/site-packages/torch/lib/libtorch_python.so)
<omitting python frames>

terminate called after throwing an instance of 'c10::Error'
  what():  CUDA error: initialization error
CUDA kernel errors might be asynchronously reported at some other API call, so the stacktrace below might be incorrect.
For debugging consider passing CUDA_LAUNCH_BLOCKING=1.
Compile with `TORCH_USE_CUDA_DSA` to enable device-side assertions.

Exception raised from c10_cuda_check_implementation at ../c10/cuda/CUDAException.cpp:43 (most recent call first):
frame #0: c10::Error::Error(c10::SourceLocation, std::string) + 0x57 (0x1544e509e897 in /cluster/software/stacks/2024-06/spack/opt/spack/linux-ubuntu22.04-x86_64_v3/gcc-12.2.0/python-3.11.6-ukhwpjnwzzzizek3pgr75zkbhxros5fq/lib/python3.11/site-packages/torch/lib/libc10.so)
frame #1: c10::detail::torchCheckFail(char const*, char const*, unsigned int, std::string const&) + 0x64 (0x1544e504eb25 in /cluster/software/stacks/2024-06/spack/opt/spack/linux-ubuntu22.04-x86_64_v3/gcc-12.2.0/python-3.11.6-ukhwpjnwzzzizek3pgr75zkbhxros5fq/lib/python3.11/site-packages/torch/lib/libc10.so)
frame #2: c10::cuda::c10_cuda_check_implementation(int, char const*, char const*, int, bool) + 0x118 (0x1544e5176718 in /cluster/software/stacks/2024-06/spack/opt/spack/linux-ubuntu22.04-x86_64_v3/gcc-12.2.0/python-3.11.6-ukhwpjnwzzzizek3pgr75zkbhxros5fq/lib/python3.11/site-packages/torch/lib/libc10_cuda.so)
frame #3: c10::cuda::ExchangeDevice(signed char) + 0x92 (0x1544e51769f2 in /cluster/software/stacks/2024-06/spack/opt/spack/linux-ubuntu22.04-x86_64_v3/gcc-12.2.0/python-3.11.6-ukhwpjnwzzzizek3pgr75zkbhxros5fq/lib/python3.11/site-packages/torch/lib/libc10_cuda.so)
frame #4: <unknown function> + 0x104588a (0x154498cdc88a in /cluster/software/stacks/2024-06/spack/opt/spack/linux-ubuntu22.04-x86_64_v3/gcc-12.2.0/python-3.11.6-ukhwpjnwzzzizek3pgr75zkbhxros5fq/lib/python3.11/site-packages/torch/lib/libtorch_cuda.so)
frame #5: <unknown function> + 0x5a7380 (0x1544e3a6a380 in /cluster/software/stacks/2024-06/spack/opt/spack/linux-ubuntu22.04-x86_64_v3/gcc-12.2.0/python-3.11.6-ukhwpjnwzzzizek3pgr75zkbhxros5fq/lib/python3.11/site-packages/torch/lib/libtorch_python.so)
frame #6: <unknown function> + 0x6a36f (0x1544e508336f in /cluster/software/stacks/2024-06/spack/opt/spack/linux-ubuntu22.04-x86_64_v3/gcc-12.2.0/python-3.11.6-ukhwpjnwzzzizek3pgr75zkbhxros5fq/lib/python3.11/site-packages/torch/lib/libc10.so)
frame #7: c10::TensorImpl::~TensorImpl() + 0x21b (0x1544e507c1cb in /cluster/software/stacks/2024-06/spack/opt/spack/linux-ubuntu22.04-x86_64_v3/gcc-12.2.0/python-3.11.6-ukhwpjnwzzzizek3pgr75zkbhxros5fq/lib/python3.11/site-packages/torch/lib/libc10.so)
frame #8: c10::TensorImpl::~TensorImpl() + 0x9 (0x1544e507c379 in /cluster/software/stacks/2024-06/spack/opt/spack/linux-ubuntu22.04-x86_64_v3/gcc-12.2.0/python-3.11.6-ukhwpjnwzzzizek3pgr75zkbhxros5fq/lib/python3.11/site-packages/torch/lib/libc10.so)
frame #9: <unknown function> + 0x858328 (0x1544e3d1b328 in /cluster/software/stacks/2024-06/spack/opt/spack/linux-ubuntu22.04-x86_64_v3/gcc-12.2.0/python-3.11.6-ukhwpjnwzzzizek3pgr75zkbhxros5fq/lib/python3.11/site-packages/torch/lib/libtorch_python.so)
frame #10: THPVariable_subclass_dealloc(_object*) + 0x2f6 (0x1544e3d1b6a6 in /cluster/software/stacks/2024-06/spack/opt/spack/linux-ubuntu22.04-x86_64_v3/gcc-12.2.0/python-3.11.6-ukhwpjnwzzzizek3pgr75zkbhxros5fq/lib/python3.11/site-packages/torch/lib/libtorch_python.so)
<omitting python frames>

terminate called after throwing an instance of 'c10::Error'
  what():  CUDA error: initialization error
CUDA kernel errors might be asynchronously reported at some other API call, so the stacktrace below might be incorrect.
For debugging consider passing CUDA_LAUNCH_BLOCKING=1.
Compile with `TORCH_USE_CUDA_DSA` to enable device-side assertions.

Exception raised from c10_cuda_check_implementation at ../c10/cuda/CUDAException.cpp:43 (most recent call first):
frame #0: c10::Error::Error(c10::SourceLocation, std::string) + 0x57 (0x1544e509e897 in /cluster/software/stacks/2024-06/spack/opt/spack/linux-ubuntu22.04-x86_64_v3/gcc-12.2.0/python-3.11.6-ukhwpjnwzzzizek3pgr75zkbhxros5fq/lib/python3.11/site-packages/torch/lib/libc10.so)
frame #1: c10::detail::torchCheckFail(char const*, char const*, unsigned int, std::string const&) + 0x64 (0x1544e504eb25 in /cluster/software/stacks/2024-06/spack/opt/spack/linux-ubuntu22.04-x86_64_v3/gcc-12.2.0/python-3.11.6-ukhwpjnwzzzizek3pgr75zkbhxros5fq/lib/python3.11/site-packages/torch/lib/libc10.so)
frame #2: c10::cuda::c10_cuda_check_implementation(int, char const*, char const*, int, bool) + 0x118 (0x1544e5176718 in /cluster/software/stacks/2024-06/spack/opt/spack/linux-ubuntu22.04-x86_64_v3/gcc-12.2.0/python-3.11.6-ukhwpjnwzzzizek3pgr75zkbhxros5fq/lib/python3.11/site-packages/torch/lib/libc10_cuda.so)
frame #3: c10::cuda::ExchangeDevice(signed char) + 0x92 (0x1544e51769f2 in /cluster/software/stacks/2024-06/spack/opt/spack/linux-ubuntu22.04-x86_64_v3/gcc-12.2.0/python-3.11.6-ukhwpjnwzzzizek3pgr75zkbhxros5fq/lib/python3.11/site-packages/torch/lib/libc10_cuda.so)
frame #4: <unknown function> + 0x104588a (0x154498cdc88a in /cluster/software/stacks/2024-06/spack/opt/spack/linux-ubuntu22.04-x86_64_v3/gcc-12.2.0/python-3.11.6-ukhwpjnwzzzizek3pgr75zkbhxros5fq/lib/python3.11/site-packages/torch/lib/libtorch_cuda.so)
frame #5: <unknown function> + 0x5a7380 (0x1544e3a6a380 in /cluster/software/stacks/2024-06/spack/opt/spack/linux-ubuntu22.04-x86_64_v3/gcc-12.2.0/python-3.11.6-ukhwpjnwzzzizek3pgr75zkbhxros5fq/lib/python3.11/site-packages/torch/lib/libtorch_python.so)
frame #6: <unknown function> + 0x6a36f (0x1544e508336f in /cluster/software/stacks/2024-06/spack/opt/spack/linux-ubuntu22.04-x86_64_v3/gcc-12.2.0/python-3.11.6-ukhwpjnwzzzizek3pgr75zkbhxros5fq/lib/python3.11/site-packages/torch/lib/libc10.so)
frame #7: c10::TensorImpl::~TensorImpl() + 0x21b (0x1544e507c1cb in /cluster/software/stacks/2024-06/spack/opt/spack/linux-ubuntu22.04-x86_64_v3/gcc-12.2.0/python-3.11.6-ukhwpjnwzzzizek3pgr75zkbhxros5fq/lib/python3.11/site-packages/torch/lib/libc10.so)
frame #8: c10::TensorImpl::~TensorImpl() + 0x9 (0x1544e507c379 in /cluster/software/stacks/2024-06/spack/opt/spack/linux-ubuntu22.04-x86_64_v3/gcc-12.2.0/python-3.11.6-ukhwpjnwzzzizek3pgr75zkbhxros5fq/lib/python3.11/site-packages/torch/lib/libc10.so)
frame #9: <unknown function> + 0x858328 (0x1544e3d1b328 in /cluster/software/stacks/2024-06/spack/opt/spack/linux-ubuntu22.04-x86_64_v3/gcc-12.2.0/python-3.11.6-ukhwpjnwzzzizek3pgr75zkbhxros5fq/lib/python3.11/site-packages/torch/lib/libtorch_python.so)
frame #10: THPVariable_subclass_dealloc(_object*) + 0x2f6 (0x1544e3d1b6a6 in /cluster/software/stacks/2024-06/spack/opt/spack/linux-ubuntu22.04-x86_64_v3/gcc-12.2.0/python-3.11.6-ukhwpjnwzzzizek3pgr75zkbhxros5fq/lib/python3.11/site-packages/torch/lib/libtorch_python.so)
<omitting python frames>

Epoch 0/6                    0/4092 0:00:05 ‚Ä¢ -:--:-- 0.00it/s v_num: 4flf      
                                                               val/loss: 0.694  
                                                               val/acc: 0.559   
                                                               val/loss_best:   
                                                               0.694            
[[36m2024-10-03 15:34:26,816[0m][[34msrc.utils.utils[0m][[31mERROR[0m] - [rank: 0] [0m
Traceback (most recent call last):
  File "/cluster/software/stacks/2024-06/spack/opt/spack/linux-ubuntu22.04-x86_64_v3/gcc-12.2.0/python-3.11.6-ukhwpjnwzzzizek3pgr75zkbhxros5fq/lib/python3.11/site-packages/torch/utils/data/dataloader.py", line 1133, in _try_get_data
    data = self._data_queue.get(timeout=timeout)
           ^^^^^^^^^^^^^^^^^^^^^^^^^^^^^^^^^^^^^
  File "/cluster/software/stacks/2024-06/spack/opt/spack/linux-ubuntu22.04-x86_64_v3/gcc-12.2.0/python-3.11.6-ukhwpjnwzzzizek3pgr75zkbhxros5fq/lib/python3.11/queue.py", line 179, in get
    raise Empty
_queue.Empty

The above exception was the direct cause of the following exception:

Traceback (most recent call last):
  File "/cluster/project/platt/rick/generative_bioseq_design/src/utils/utils.py", line 68, in wrap
    metric_dict, object_dict = task_func(cfg=cfg)
                               ^^^^^^^^^^^^^^^^^^
  File "/cluster/project/platt/rick/generative_bioseq_design/src/train.py", line 87, in train
    trainer.fit(model=model, datamodule=datamodule, ckpt_path=cfg.get("ckpt_path"))
  File "/cluster/software/stacks/2024-06/spack/opt/spack/linux-ubuntu22.04-x86_64_v3/gcc-12.2.0/python-3.11.6-ukhwpjnwzzzizek3pgr75zkbhxros5fq/lib/python3.11/site-packages/lightning/pytorch/trainer/trainer.py", line 543, in fit
    call._call_and_handle_interrupt(
  File "/cluster/software/stacks/2024-06/spack/opt/spack/linux-ubuntu22.04-x86_64_v3/gcc-12.2.0/python-3.11.6-ukhwpjnwzzzizek3pgr75zkbhxros5fq/lib/python3.11/site-packages/lightning/pytorch/trainer/call.py", line 44, in _call_and_handle_interrupt
    return trainer_fn(*args, **kwargs)
           ^^^^^^^^^^^^^^^^^^^^^^^^^^^
  File "/cluster/software/stacks/2024-06/spack/opt/spack/linux-ubuntu22.04-x86_64_v3/gcc-12.2.0/python-3.11.6-ukhwpjnwzzzizek3pgr75zkbhxros5fq/lib/python3.11/site-packages/lightning/pytorch/trainer/trainer.py", line 579, in _fit_impl
    self._run(model, ckpt_path=ckpt_path)
  File "/cluster/software/stacks/2024-06/spack/opt/spack/linux-ubuntu22.04-x86_64_v3/gcc-12.2.0/python-3.11.6-ukhwpjnwzzzizek3pgr75zkbhxros5fq/lib/python3.11/site-packages/lightning/pytorch/trainer/trainer.py", line 986, in _run
    results = self._run_stage()
              ^^^^^^^^^^^^^^^^^
  File "/cluster/software/stacks/2024-06/spack/opt/spack/linux-ubuntu22.04-x86_64_v3/gcc-12.2.0/python-3.11.6-ukhwpjnwzzzizek3pgr75zkbhxros5fq/lib/python3.11/site-packages/lightning/pytorch/trainer/trainer.py", line 1030, in _run_stage
    self.fit_loop.run()
  File "/cluster/software/stacks/2024-06/spack/opt/spack/linux-ubuntu22.04-x86_64_v3/gcc-12.2.0/python-3.11.6-ukhwpjnwzzzizek3pgr75zkbhxros5fq/lib/python3.11/site-packages/lightning/pytorch/loops/fit_loop.py", line 205, in run
    self.advance()
  File "/cluster/software/stacks/2024-06/spack/opt/spack/linux-ubuntu22.04-x86_64_v3/gcc-12.2.0/python-3.11.6-ukhwpjnwzzzizek3pgr75zkbhxros5fq/lib/python3.11/site-packages/lightning/pytorch/loops/fit_loop.py", line 363, in advance
    self.epoch_loop.run(self._data_fetcher)
  File "/cluster/software/stacks/2024-06/spack/opt/spack/linux-ubuntu22.04-x86_64_v3/gcc-12.2.0/python-3.11.6-ukhwpjnwzzzizek3pgr75zkbhxros5fq/lib/python3.11/site-packages/lightning/pytorch/loops/training_epoch_loop.py", line 140, in run
    self.advance(data_fetcher)
  File "/cluster/software/stacks/2024-06/spack/opt/spack/linux-ubuntu22.04-x86_64_v3/gcc-12.2.0/python-3.11.6-ukhwpjnwzzzizek3pgr75zkbhxros5fq/lib/python3.11/site-packages/lightning/pytorch/loops/training_epoch_loop.py", line 212, in advance
    batch, _, __ = next(data_fetcher)
                   ^^^^^^^^^^^^^^^^^^
  File "/cluster/software/stacks/2024-06/spack/opt/spack/linux-ubuntu22.04-x86_64_v3/gcc-12.2.0/python-3.11.6-ukhwpjnwzzzizek3pgr75zkbhxros5fq/lib/python3.11/site-packages/lightning/pytorch/loops/fetchers.py", line 133, in __next__
    batch = super().__next__()
            ^^^^^^^^^^^^^^^^^^
  File "/cluster/software/stacks/2024-06/spack/opt/spack/linux-ubuntu22.04-x86_64_v3/gcc-12.2.0/python-3.11.6-ukhwpjnwzzzizek3pgr75zkbhxros5fq/lib/python3.11/site-packages/lightning/pytorch/loops/fetchers.py", line 60, in __next__
    batch = next(self.iterator)
            ^^^^^^^^^^^^^^^^^^^
  File "/cluster/software/stacks/2024-06/spack/opt/spack/linux-ubuntu22.04-x86_64_v3/gcc-12.2.0/python-3.11.6-ukhwpjnwzzzizek3pgr75zkbhxros5fq/lib/python3.11/site-packages/lightning/pytorch/utilities/combined_loader.py", line 341, in __next__
    out = next(self._iterator)
          ^^^^^^^^^^^^^^^^^^^^
  File "/cluster/software/stacks/2024-06/spack/opt/spack/linux-ubuntu22.04-x86_64_v3/gcc-12.2.0/python-3.11.6-ukhwpjnwzzzizek3pgr75zkbhxros5fq/lib/python3.11/site-packages/lightning/pytorch/utilities/combined_loader.py", line 78, in __next__
    out[i] = next(self.iterators[i])
             ^^^^^^^^^^^^^^^^^^^^^^^
  File "/cluster/software/stacks/2024-06/spack/opt/spack/linux-ubuntu22.04-x86_64_v3/gcc-12.2.0/python-3.11.6-ukhwpjnwzzzizek3pgr75zkbhxros5fq/lib/python3.11/site-packages/torch/utils/data/dataloader.py", line 631, in __next__
    data = self._next_data()
           ^^^^^^^^^^^^^^^^^
  File "/cluster/software/stacks/2024-06/spack/opt/spack/linux-ubuntu22.04-x86_64_v3/gcc-12.2.0/python-3.11.6-ukhwpjnwzzzizek3pgr75zkbhxros5fq/lib/python3.11/site-packages/torch/utils/data/dataloader.py", line 1329, in _next_data
    idx, data = self._get_data()
                ^^^^^^^^^^^^^^^^
  File "/cluster/software/stacks/2024-06/spack/opt/spack/linux-ubuntu22.04-x86_64_v3/gcc-12.2.0/python-3.11.6-ukhwpjnwzzzizek3pgr75zkbhxros5fq/lib/python3.11/site-packages/torch/utils/data/dataloader.py", line 1285, in _get_data
    success, data = self._try_get_data()
                    ^^^^^^^^^^^^^^^^^^^^
  File "/cluster/software/stacks/2024-06/spack/opt/spack/linux-ubuntu22.04-x86_64_v3/gcc-12.2.0/python-3.11.6-ukhwpjnwzzzizek3pgr75zkbhxros5fq/lib/python3.11/site-packages/torch/utils/data/dataloader.py", line 1146, in _try_get_data
    raise RuntimeError(f'DataLoader worker (pid(s) {pids_str}) exited unexpectedly') from e
RuntimeError: DataLoader worker (pid(s) 2399064, 2399065, 2399066) exited unexpectedly
[[36m2024-10-03 15:34:26,878[0m][[34msrc.utils.utils[0m][[32mINFO[0m] - [rank: 0] Output dir: /cluster/project/platt/rick/generative_bioseq_design/logs/train/multiruns/2024-10-03_15-33-27/0_batch_512_dropout_0.022442175420796635_lr_0.00027236750534100307[0m
[[36m2024-10-03 15:34:26,879[0m][[34msrc.utils.utils[0m][[32mINFO[0m] - [rank: 0] Closing wandb![0m
wandb: - 0.000 MB of 0.000 MB uploadedwandb:                                                                                
wandb: You can sync this run to the cloud by running:
wandb: wandb sync /cluster/project/platt/rick/generative_bioseq_design/logs/train/multiruns/2024-10-03_15-33-27/0_batch_512_dropout_0.022442175420796635_lr_0.00027236750534100307/wandb/offline-run-20241003_153400-keat4flf
wandb: Find logs at: ./logs/train/multiruns/2024-10-03_15-33-27/0_batch_512_dropout_0.022442175420796635_lr_0.00027236750534100307/wandb/offline-run-20241003_153400-keat4flf/logs
[[36m2024-10-03 15:34:27,911[0m][[34murllib3.connectionpool[0m][[33mWARNING[0m] - Retrying (Retry(total=2, connect=None, read=None, redirect=None, status=None)) after connection broken by 'NewConnectionError('<urllib3.connection.HTTPSConnection object at 0x154405ad9e50>: Failed to establish a new connection: [Errno 111] Connection refused')': /api/4504800232407040/envelope/[0m
[[36m2024-10-03 15:34:27,918[0m][[34murllib3.connectionpool[0m][[33mWARNING[0m] - Retrying (Retry(total=1, connect=None, read=None, redirect=None, status=None)) after connection broken by 'NewConnectionError('<urllib3.connection.HTTPSConnection object at 0x1543ecad4a50>: Failed to establish a new connection: [Errno 111] Connection refused')': /api/4504800232407040/envelope/[0m
[[36m2024-10-03 15:34:27,924[0m][[34murllib3.connectionpool[0m][[33mWARNING[0m] - Retrying (Retry(total=0, connect=None, read=None, redirect=None, status=None)) after connection broken by 'NewConnectionError('<urllib3.connection.HTTPSConnection object at 0x15441fe04110>: Failed to establish a new connection: [Errno 111] Connection refused')': /api/4504800232407040/envelope/[0m
[[36m2024-10-03 15:34:27,932[0m][[34murllib3.connectionpool[0m][[33mWARNING[0m] - Retrying (Retry(total=2, connect=None, read=None, redirect=None, status=None)) after connection broken by 'NewConnectionError('<urllib3.connection.HTTPSConnection object at 0x15441ff78810>: Failed to establish a new connection: [Errno 111] Connection refused')': /api/4504800232407040/envelope/[0m
[[36m2024-10-03 15:34:27,935[0m][[34murllib3.connectionpool[0m][[33mWARNING[0m] - Retrying (Retry(total=1, connect=None, read=None, redirect=None, status=None)) after connection broken by 'NewConnectionError('<urllib3.connection.HTTPSConnection object at 0x15441fdfdc90>: Failed to establish a new connection: [Errno 111] Connection refused')': /api/4504800232407040/envelope/[0m
[[36m2024-10-03 15:34:27,939[0m][[34murllib3.connectionpool[0m][[33mWARNING[0m] - Retrying (Retry(total=0, connect=None, read=None, redirect=None, status=None)) after connection broken by 'NewConnectionError('<urllib3.connection.HTTPSConnection object at 0x15441fdfff50>: Failed to establish a new connection: [Errno 111] Connection refused')': /api/4504800232407040/envelope/[0m
Error executing job with overrides: ['model.optimizer.lr=0.00027236750534100307', 'data.batch_size=512', 'model.net.dropout=0.022442175420796635', 'hparams_search=aav9_optuna']
Traceback (most recent call last):
  File "/cluster/software/stacks/2024-06/spack/opt/spack/linux-ubuntu22.04-x86_64_v3/gcc-12.2.0/python-3.11.6-ukhwpjnwzzzizek3pgr75zkbhxros5fq/lib/python3.11/site-packages/torch/utils/data/dataloader.py", line 1133, in _try_get_data
    data = self._data_queue.get(timeout=timeout)
           ^^^^^^^^^^^^^^^^^^^^^^^^^^^^^^^^^^^^^
  File "/cluster/software/stacks/2024-06/spack/opt/spack/linux-ubuntu22.04-x86_64_v3/gcc-12.2.0/python-3.11.6-ukhwpjnwzzzizek3pgr75zkbhxros5fq/lib/python3.11/queue.py", line 179, in get
    raise Empty
_queue.Empty

The above exception was the direct cause of the following exception:

Traceback (most recent call last):
  File "/cluster/project/platt/rick/generative_bioseq_design/src/train.py", line 120, in main
    metric_dict, _ = train(cfg)
                     ^^^^^^^^^^
  File "/cluster/project/platt/rick/generative_bioseq_design/src/utils/utils.py", line 78, in wrap
    raise ex
  File "/cluster/project/platt/rick/generative_bioseq_design/src/utils/utils.py", line 68, in wrap
    metric_dict, object_dict = task_func(cfg=cfg)
                               ^^^^^^^^^^^^^^^^^^
  File "/cluster/project/platt/rick/generative_bioseq_design/src/train.py", line 87, in train
    trainer.fit(model=model, datamodule=datamodule, ckpt_path=cfg.get("ckpt_path"))
  File "/cluster/software/stacks/2024-06/spack/opt/spack/linux-ubuntu22.04-x86_64_v3/gcc-12.2.0/python-3.11.6-ukhwpjnwzzzizek3pgr75zkbhxros5fq/lib/python3.11/site-packages/lightning/pytorch/trainer/trainer.py", line 543, in fit
    call._call_and_handle_interrupt(
  File "/cluster/software/stacks/2024-06/spack/opt/spack/linux-ubuntu22.04-x86_64_v3/gcc-12.2.0/python-3.11.6-ukhwpjnwzzzizek3pgr75zkbhxros5fq/lib/python3.11/site-packages/lightning/pytorch/trainer/call.py", line 44, in _call_and_handle_interrupt
    return trainer_fn(*args, **kwargs)
           ^^^^^^^^^^^^^^^^^^^^^^^^^^^
  File "/cluster/software/stacks/2024-06/spack/opt/spack/linux-ubuntu22.04-x86_64_v3/gcc-12.2.0/python-3.11.6-ukhwpjnwzzzizek3pgr75zkbhxros5fq/lib/python3.11/site-packages/lightning/pytorch/trainer/trainer.py", line 579, in _fit_impl
    self._run(model, ckpt_path=ckpt_path)
  File "/cluster/software/stacks/2024-06/spack/opt/spack/linux-ubuntu22.04-x86_64_v3/gcc-12.2.0/python-3.11.6-ukhwpjnwzzzizek3pgr75zkbhxros5fq/lib/python3.11/site-packages/lightning/pytorch/trainer/trainer.py", line 986, in _run
    results = self._run_stage()
              ^^^^^^^^^^^^^^^^^
  File "/cluster/software/stacks/2024-06/spack/opt/spack/linux-ubuntu22.04-x86_64_v3/gcc-12.2.0/python-3.11.6-ukhwpjnwzzzizek3pgr75zkbhxros5fq/lib/python3.11/site-packages/lightning/pytorch/trainer/trainer.py", line 1030, in _run_stage
    self.fit_loop.run()
  File "/cluster/software/stacks/2024-06/spack/opt/spack/linux-ubuntu22.04-x86_64_v3/gcc-12.2.0/python-3.11.6-ukhwpjnwzzzizek3pgr75zkbhxros5fq/lib/python3.11/site-packages/lightning/pytorch/loops/fit_loop.py", line 205, in run
    self.advance()
  File "/cluster/software/stacks/2024-06/spack/opt/spack/linux-ubuntu22.04-x86_64_v3/gcc-12.2.0/python-3.11.6-ukhwpjnwzzzizek3pgr75zkbhxros5fq/lib/python3.11/site-packages/lightning/pytorch/loops/fit_loop.py", line 363, in advance
    self.epoch_loop.run(self._data_fetcher)
  File "/cluster/software/stacks/2024-06/spack/opt/spack/linux-ubuntu22.04-x86_64_v3/gcc-12.2.0/python-3.11.6-ukhwpjnwzzzizek3pgr75zkbhxros5fq/lib/python3.11/site-packages/lightning/pytorch/loops/training_epoch_loop.py", line 140, in run
    self.advance(data_fetcher)
  File "/cluster/software/stacks/2024-06/spack/opt/spack/linux-ubuntu22.04-x86_64_v3/gcc-12.2.0/python-3.11.6-ukhwpjnwzzzizek3pgr75zkbhxros5fq/lib/python3.11/site-packages/lightning/pytorch/loops/training_epoch_loop.py", line 212, in advance
    batch, _, __ = next(data_fetcher)
                   ^^^^^^^^^^^^^^^^^^
  File "/cluster/software/stacks/2024-06/spack/opt/spack/linux-ubuntu22.04-x86_64_v3/gcc-12.2.0/python-3.11.6-ukhwpjnwzzzizek3pgr75zkbhxros5fq/lib/python3.11/site-packages/lightning/pytorch/loops/fetchers.py", line 133, in __next__
    batch = super().__next__()
            ^^^^^^^^^^^^^^^^^^
  File "/cluster/software/stacks/2024-06/spack/opt/spack/linux-ubuntu22.04-x86_64_v3/gcc-12.2.0/python-3.11.6-ukhwpjnwzzzizek3pgr75zkbhxros5fq/lib/python3.11/site-packages/lightning/pytorch/loops/fetchers.py", line 60, in __next__
    batch = next(self.iterator)
            ^^^^^^^^^^^^^^^^^^^
  File "/cluster/software/stacks/2024-06/spack/opt/spack/linux-ubuntu22.04-x86_64_v3/gcc-12.2.0/python-3.11.6-ukhwpjnwzzzizek3pgr75zkbhxros5fq/lib/python3.11/site-packages/lightning/pytorch/utilities/combined_loader.py", line 341, in __next__
    out = next(self._iterator)
          ^^^^^^^^^^^^^^^^^^^^
  File "/cluster/software/stacks/2024-06/spack/opt/spack/linux-ubuntu22.04-x86_64_v3/gcc-12.2.0/python-3.11.6-ukhwpjnwzzzizek3pgr75zkbhxros5fq/lib/python3.11/site-packages/lightning/pytorch/utilities/combined_loader.py", line 78, in __next__
    out[i] = next(self.iterators[i])
             ^^^^^^^^^^^^^^^^^^^^^^^
  File "/cluster/software/stacks/2024-06/spack/opt/spack/linux-ubuntu22.04-x86_64_v3/gcc-12.2.0/python-3.11.6-ukhwpjnwzzzizek3pgr75zkbhxros5fq/lib/python3.11/site-packages/torch/utils/data/dataloader.py", line 631, in __next__
    data = self._next_data()
           ^^^^^^^^^^^^^^^^^
  File "/cluster/software/stacks/2024-06/spack/opt/spack/linux-ubuntu22.04-x86_64_v3/gcc-12.2.0/python-3.11.6-ukhwpjnwzzzizek3pgr75zkbhxros5fq/lib/python3.11/site-packages/torch/utils/data/dataloader.py", line 1329, in _next_data
    idx, data = self._get_data()
                ^^^^^^^^^^^^^^^^
  File "/cluster/software/stacks/2024-06/spack/opt/spack/linux-ubuntu22.04-x86_64_v3/gcc-12.2.0/python-3.11.6-ukhwpjnwzzzizek3pgr75zkbhxros5fq/lib/python3.11/site-packages/torch/utils/data/dataloader.py", line 1285, in _get_data
    success, data = self._try_get_data()
                    ^^^^^^^^^^^^^^^^^^^^
  File "/cluster/software/stacks/2024-06/spack/opt/spack/linux-ubuntu22.04-x86_64_v3/gcc-12.2.0/python-3.11.6-ukhwpjnwzzzizek3pgr75zkbhxros5fq/lib/python3.11/site-packages/torch/utils/data/dataloader.py", line 1146, in _try_get_data
    raise RuntimeError(f'DataLoader worker (pid(s) {pids_str}) exited unexpectedly') from e
RuntimeError: DataLoader worker (pid(s) 2399064, 2399065, 2399066) exited unexpectedly

Set the environment variable HYDRA_FULL_ERROR=1 for a complete stack trace.
